// Jest Snapshot v1, https://goo.gl/fbAQLP

exports[`FooPanel.vue has the expected html structure 1`] = `
<div>
  <h1 class="pb-2">FooPanel</h1>
  <p class="py-2">total count</p>
  <div class="flex">
    <div class="sm:w-px md:w-1/4 lg:w-1/3"></div>
    <addfoo-stub placeholder="placeholder" class="md:w-1/2 lg:w-1/3"></addfoo-stub>
    <div class="sm:w-px md:w-1/4 lg:w-1/3"></div>
  </div>
</div>
`;
