// Jest Snapshot v1, https://goo.gl/fbAQLP

exports[`AddFoo.vue has the expected html structure 1`] = `
<div class="flex flex-col border-b border-b-2 border-green py-2 w-full">
  <div class="flex"><input placeholder="default-placeholder" type="text" class="bg-transparent w-full text-grey-darker mr-3 py-1 px-2 leading-tight"> <button type="button" class="btn btn-green px-4">add</button></div>
  <!---->
</div>
`;
